src/components/Navbar.tsx(1,1): error TS6133: 'React' is declared but its value is never read.
src/components/Sidebar.tsx(10,20): error TS6133: 'isOpen' is declared but its value is never read.
